$ /home/firstmate/.no-mistakes/worktrees/8352e211db7e/01M4G70PN2WFAM31G3D35CJAED/bin/fm-brain-journal-export-service.sh install
/home/firstmate/.no-mistakes/worktrees/8352e211db7e/01M4G70PN2WFAM31G3D35CJAED/.test-journal-export/manual/config/systemd/user/fm-brain-journal-export.service
/home/firstmate/.no-mistakes/worktrees/8352e211db7e/01M4G70PN2WFAM31G3D35CJAED/.test-journal-export/manual/config/systemd/user/fm-brain-journal-export.timer
exit=0
fm-brain-journal-export.service (mode 0644):
# Generated by /home/firstmate/.no-mistakes/worktrees/8352e211db7e/01M4G70PN2WFAM31G3D35CJAED/bin/fm-brain-journal-export-service.sh; re-run its install rather than editing.
[Unit]
Description=Firstmate brain journal-input export for /home/firstmate/.no-mistakes/worktrees/8352e211db7e/01M4G70PN2WFAM31G3D35CJAED/.test-journal-export/manual/home
Documentation=file:///home/firstmate/.no-mistakes/worktrees/8352e211db7e/01M4G70PN2WFAM31G3D35CJAED/docs/configuration.md

[Service]
Type=oneshot
Environment=FM_HOME=/home/firstmate/.no-mistakes/worktrees/8352e211db7e/01M4G70PN2WFAM31G3D35CJAED/.test-journal-export/manual/home
Environment=FM_BRAIN_DESK_ENABLED=1
WorkingDirectory=/home/firstmate/.no-mistakes/worktrees/8352e211db7e/01M4G70PN2WFAM31G3D35CJAED/.test-journal-export/manual/home
ExecStart=/home/firstmate/.no-mistakes/worktrees/8352e211db7e/01M4G70PN2WFAM31G3D35CJAED/bin/fm-brain-desk.py journal-export
NoNewPrivileges=yes

fm-brain-journal-export.timer (mode 0644):
# Generated by /home/firstmate/.no-mistakes/worktrees/8352e211db7e/01M4G70PN2WFAM31G3D35CJAED/bin/fm-brain-journal-export-service.sh; re-run its install rather than editing.
[Unit]
Description=Daily Firstmate brain journal-input export before the 04:05 UTC journal
Documentation=file:///home/firstmate/.no-mistakes/worktrees/8352e211db7e/01M4G70PN2WFAM31G3D35CJAED/docs/configuration.md

[Timer]
OnCalendar=*-*-* 03:45:00 UTC
Persistent=true
Unit=fm-brain-journal-export.service

[Install]
WantedBy=timers.target

PASS: installing writes only both units and does not start an export
$ systemd-analyze verify /home/firstmate/.no-mistakes/worktrees/8352e211db7e/01M4G70PN2WFAM31G3D35CJAED/.test-journal-export/manual/config/systemd/user/fm-brain-journal-export.service /home/firstmate/.no-mistakes/worktrees/8352e211db7e/01M4G70PN2WFAM31G3D35CJAED/.test-journal-export/manual/config/systemd/user/fm-brain-journal-export.timer
/usr/lib/systemd/system/xfs_scrub_all.service:26: Support for option CPUAccounting= has been removed and it is ignored
/usr/lib/systemd/system/system-xfs_scrub.slice:15: Support for option CPUAccounting= has been removed and it is ignored
exit=0
$ systemd-analyze calendar '--base-time=2026-10-09 00:00:00 UTC' --iterations=3 '*-*-* 03:45:00 UTC'
Normalized form: *-*-* 03:45:00 UTC
    Next elapse: Fri 2026-10-09 09:15:00 IST
       (in UTC): Fri 2026-10-09 03:45:00 UTC
       From now: 7h ago
   Iteration #2: Sat 2026-10-10 09:15:00 IST
       (in UTC): Sat 2026-10-10 03:45:00 UTC
       From now: 16h left
   Iteration #3: Sun 2026-10-11 09:15:00 IST
       (in UTC): Sun 2026-10-11 03:45:00 UTC
       From now: 1 day 16h left
exit=0
PASS: real systemd calendar consumer evaluates the installed schedule in a non-UTC timezone
$ /home/firstmate/.no-mistakes/worktrees/8352e211db7e/01M4G70PN2WFAM31G3D35CJAED/bin/fm-brain-desk.py journal-export
{"copied":6,"files":6}
exit=0
EXPORTED data/backlog.md: mode=0640 mtime=1700000000 content='# Backlog\n- [ ] scheduled item\n'
EXPORTED data/captain.md: mode=0640 mtime=1700000000 content='Daily export validation\n'
EXPORTED data/done-archive.md: mode=0640 mtime=1700000000 content='# Done\n- archived item\n'
EXPORTED data/learnings.md: mode=0640 mtime=1700000000 content='Durable finding\n'
EXPORTED data/remote-secondmates/mate/data/task-b/report.md: mode=0640 mtime=1700000000 content='# Report B\n'
EXPORTED data/task-a/report.md: mode=0640 mtime=1700000000 content='# Report A\n'
PASS: generated service command opts in and exports all six allowed records from the selected home
$ /home/firstmate/.no-mistakes/worktrees/8352e211db7e/01M4G70PN2WFAM31G3D35CJAED/bin/fm-brain-desk.py journal-export
{"copied":0,"files":6}
exit=0
$ /home/firstmate/.no-mistakes/worktrees/8352e211db7e/01M4G70PN2WFAM31G3D35CJAED/bin/fm-brain-desk.py journal-export
{"copied":1,"files":6}
exit=0
PASS: repeated fresh command updates changed backlog and skips unchanged records
$ /home/firstmate/.no-mistakes/worktrees/8352e211db7e/01M4G70PN2WFAM31G3D35CJAED/bin/fm-brain-journal-export-service.sh install
fm-brain-journal-export-service.sh: FM_HOME must be an absolute path: relative/home
exit=1
$ /home/firstmate/.no-mistakes/worktrees/8352e211db7e/01M4G70PN2WFAM31G3D35CJAED/bin/fm-brain-journal-export-service.sh install
fm-brain-journal-export-service.sh: FM_HOME is not a directory: /home/firstmate/.no-mistakes/worktrees/8352e211db7e/01M4G70PN2WFAM31G3D35CJAED/.test-journal-export/manual/missing
exit=1
$ /home/firstmate/.no-mistakes/worktrees/8352e211db7e/01M4G70PN2WFAM31G3D35CJAED/bin/fm-brain-journal-export-service.sh install
fm-brain-journal-export-service.sh: FM_HOME has characters this unit does not escape: /home/firstmate/.no-mistakes/worktrees/8352e211db7e/01M4G70PN2WFAM31G3D35CJAED/.test-journal-export/manual/has space
exit=1
$ /home/firstmate/.no-mistakes/worktrees/8352e211db7e/01M4G70PN2WFAM31G3D35CJAED/bin/fm-brain-journal-export-service.sh render
Usage:
  fm-brain-journal-export-service.sh render service|timer
      print that unit on stdout
  fm-brain-journal-export-service.sh install
      write both units to ${XDG_CONFIG_HOME:-$HOME/.config}/systemd/user/
      (mode 0644, atomic replace) and print their paths, service first
FM_HOME (default: this checkout) must be an existing absolute directory.
Paths with characters outside [A-Za-z0-9._/@+_-] are refused rather than escaped for systemd.
Exit 0 on success, 1 on a refused path or failed write, 2 on usage.
exit=2
$ /home/firstmate/.no-mistakes/worktrees/8352e211db7e/01M4G70PN2WFAM31G3D35CJAED/bin/fm-brain-journal-export-service.sh render bogus
Usage:
  fm-brain-journal-export-service.sh render service|timer
      print that unit on stdout
  fm-brain-journal-export-service.sh install
      write both units to ${XDG_CONFIG_HOME:-$HOME/.config}/systemd/user/
      (mode 0644, atomic replace) and print their paths, service first
FM_HOME (default: this checkout) must be an existing absolute directory.
Paths with characters outside [A-Za-z0-9._/@+_-] are refused rather than escaped for systemd.
Exit 0 on success, 1 on a refused path or failed write, 2 on usage.
exit=2
PASS: invalid paths and render requests refuse before writing units
$ /home/firstmate/.no-mistakes/worktrees/8352e211db7e/01M4G70PN2WFAM31G3D35CJAED/bin/fm-brain-desk.py journal-export
brain desk refused request or result
exit=1
PASS: unavailable export destination returns nonzero without creating it
