$ /home/firstmate/.no-mistakes/worktrees/8352e211db7e/01M4FWK9GMKEGGQ4PYBSNRW5CQ/bin/fm-courier-pickup-service.sh install
/home/firstmate/.no-mistakes/worktrees/8352e211db7e/01M4FWK9GMKEGGQ4PYBSNRW5CQ/.test-phase-tmp/manual/config/systemd/user/fm-courier-pickup.service
exit=0
Installed mode=0644; no service-control calls, no target enablement, no pickup state.
# Generated by /home/firstmate/.no-mistakes/worktrees/8352e211db7e/01M4FWK9GMKEGGQ4PYBSNRW5CQ/bin/fm-courier-pickup-service.sh; re-run its install rather than editing.
[Unit]
Description=Firstmate courier iMessage pickup for /home/firstmate/.no-mistakes/worktrees/8352e211db7e/01M4FWK9GMKEGGQ4PYBSNRW5CQ/.test-phase-tmp/manual/home
Documentation=file:///home/firstmate/.no-mistakes/worktrees/8352e211db7e/01M4FWK9GMKEGGQ4PYBSNRW5CQ/docs/voice-relay.md

[Service]
Type=simple
Environment=FM_HOME=/home/firstmate/.no-mistakes/worktrees/8352e211db7e/01M4FWK9GMKEGGQ4PYBSNRW5CQ/.test-phase-tmp/manual/home
Environment=FM_NOTIFY_COURIER=1
WorkingDirectory=/home/firstmate/.no-mistakes/worktrees/8352e211db7e/01M4FWK9GMKEGGQ4PYBSNRW5CQ/.test-phase-tmp/manual/home
ExecStart=/home/firstmate/.no-mistakes/worktrees/8352e211db7e/01M4FWK9GMKEGGQ4PYBSNRW5CQ/bin/fm-courier-pickup.py run
Restart=on-failure
RestartSec=5
NoNewPrivileges=yes

[Install]
WantedBy=default.target

$ systemd-analyze verify /home/firstmate/.no-mistakes/worktrees/8352e211db7e/01M4FWK9GMKEGGQ4PYBSNRW5CQ/.test-phase-tmp/manual/config/systemd/user/fm-courier-pickup.service
/usr/lib/systemd/system/xfs_scrub_all.service:26: Support for option CPUAccounting= has been removed and it is ignored
/usr/lib/systemd/system/system-xfs_scrub.slice:15: Support for option CPUAccounting= has been removed and it is ignored
exit=0
$ /usr/bin/systemctl --user --no-reload enable /home/firstmate/.no-mistakes/worktrees/8352e211db7e/01M4FWK9GMKEGGQ4PYBSNRW5CQ/.test-phase-tmp/manual/config/systemd/user/fm-courier-pickup.service
Created symlink '/home/firstmate/.no-mistakes/worktrees/8352e211db7e/01M4FWK9GMKEGGQ4PYBSNRW5CQ/.test-phase-tmp/manual/config/systemd/user/default.target.wants/fm-courier-pickup.service' → '/home/firstmate/.no-mistakes/worktrees/8352e211db7e/01M4FWK9GMKEGGQ4PYBSNRW5CQ/.test-phase-tmp/manual/config/systemd/user/fm-courier-pickup.service'.
exit=0
Persistent default.target link: /home/firstmate/.no-mistakes/worktrees/8352e211db7e/01M4FWK9GMKEGGQ4PYBSNRW5CQ/.test-phase-tmp/manual/config/systemd/user/default.target.wants/fm-courier-pickup.service -> /home/firstmate/.no-mistakes/worktrees/8352e211db7e/01M4FWK9GMKEGGQ4PYBSNRW5CQ/.test-phase-tmp/manual/config/systemd/user/fm-courier-pickup.service
$ /usr/bin/systemctl --user --no-reload is-enabled fm-courier-pickup.service
enabled
exit=0
$ /usr/bin/systemctl --user --no-reload disable fm-courier-pickup.service
Removed '/home/firstmate/.no-mistakes/worktrees/8352e211db7e/01M4FWK9GMKEGGQ4PYBSNRW5CQ/.test-phase-tmp/manual/config/systemd/user/default.target.wants/fm-courier-pickup.service'.
exit=0
$ /home/firstmate/.no-mistakes/worktrees/8352e211db7e/01M4FWK9GMKEGGQ4PYBSNRW5CQ/bin/fm-courier-pickup-service.sh install
/home/firstmate/.no-mistakes/worktrees/8352e211db7e/01M4FWK9GMKEGGQ4PYBSNRW5CQ/.test-phase-tmp/manual/config/systemd/user/fm-courier-pickup.service
exit=0
$ /home/firstmate/.no-mistakes/worktrees/8352e211db7e/01M4FWK9GMKEGGQ4PYBSNRW5CQ/bin/fm-courier-pickup-service.sh install
fm-courier-pickup-service.sh: FM_HOME must be an absolute path: relative/home
exit=1
$ /home/firstmate/.no-mistakes/worktrees/8352e211db7e/01M4FWK9GMKEGGQ4PYBSNRW5CQ/bin/fm-courier-pickup-service.sh install
fm-courier-pickup-service.sh: FM_HOME has characters this unit does not escape: /home/firstmate/.no-mistakes/worktrees/8352e211db7e/01M4FWK9GMKEGGQ4PYBSNRW5CQ/.test-phase-tmp/manual/has space
exit=1
$ /home/firstmate/.no-mistakes/worktrees/8352e211db7e/01M4FWK9GMKEGGQ4PYBSNRW5CQ/bin/fm-courier-pickup-service.sh install
fm-courier-pickup-service.sh: FM_HOME is not a directory: /home/firstmate/.no-mistakes/worktrees/8352e211db7e/01M4FWK9GMKEGGQ4PYBSNRW5CQ/.test-phase-tmp/manual/missing
exit=1
$ /home/firstmate/.no-mistakes/worktrees/8352e211db7e/01M4FWK9GMKEGGQ4PYBSNRW5CQ/bin/fm-courier-pickup-service.sh install
fm-courier-pickup-service.sh: FM_HOME has characters this unit does not escape: /home/firstmate/.no-mistakes/worktrees/8352e211db7e/01M4FWK9GMKEGGQ4PYBSNRW5CQ/.test-phase-tmp/manual/bad%specifier
exit=1
$ /home/firstmate/.no-mistakes/worktrees/8352e211db7e/01M4FWK9GMKEGGQ4PYBSNRW5CQ/bin/fm-courier-pickup-service.sh install
/home/firstmate/.no-mistakes/worktrees/8352e211db7e/01M4FWK9GMKEGGQ4PYBSNRW5CQ/.test-phase-tmp/manual/config/systemd/user/fm-courier-pickup.service
exit=0
Reinstall selected the new home; invalid paths preserved the installed unit; no temporary unit files remain.
Starting effective ExecStart with emitted Environment and WorkingDirectory: /home/firstmate/.no-mistakes/worktrees/8352e211db7e/01M4FWK9GMKEGGQ4PYBSNRW5CQ/bin/fm-courier-pickup.py run
Running pickup created one conversation note and queued wake from message manual1.
Killed pickup; explicitly relaunching its command to check cursor recovery (not systemd restart).
After explicit relaunch: turn IDs=["imsg-manual1", "imsg-manual2"]; cursor=2; original spool bytes unchanged.
Queued wake records:
1791536132	1	check	inbox:vc-c0714a135f8be4dec63ee31e844b57c0dd661e1242f9b2f25a28433fc561873f	check: conversation inbox note vc-c0714a135f8be4dec63ee31e844b57c0dd661e1242f9b2f25a28433fc561873f; use fm-inbox.sh conversation accept
1791536133	2	check	inbox:vc-c0714a135f8be4dec63ee31e844b57c0dd661e1242f9b2f25a28433fc561873f	check: conversation inbox note vc-c0714a135f8be4dec63ee31e844b57c0dd661e1242f9b2f25a28433fc561873f; use fm-inbox.sh conversation accept
1791536133	3	check	inbox:vc-8be3ffd962bc8cd07047387ec1d10806941c161e926dd07a6281c3d47b1ddc42	check: conversation inbox note vc-8be3ffd962bc8cd07047387ec1d10806941c161e926dd07a6281c3d47b1ddc42; use fm-inbox.sh conversation accept

All disposable service and pickup checks completed.
