== incident: teardown distill-scale (stale) without --force ==
rc=0
  stdout: teardown distill-scale complete (window fleet:fm-distill-scale; pool slot /tmp/fm-teardown-endpoint-safety.633xij/incident/worktree left to task wispr-register-fix (home /tmp/fm-teardown-endpoint-safety.633xij/incident/home), which it was reassigned to)
  stdout: Backlog: distill-scale just finished (this home keeps no markdown backlog at /tmp/fm-teardown-endpoint-safety.633xij/incident/home/data/backlog.md). Update /tmp/fm-teardown-endpoint-safety.633xij/incident/home/data/backlog.md - move distill-scale to Done, keep Done to the 10 most recent, then re-scan Queued and dispatch only work whose blockers are gone and date is due.
  stderr: ●━━━━━━━━━━━━━━━━━━━━━━━━━━━━━━━━━━━━━━━━━━━━━━━━━━━━━━━━━━━━━━━━━━━━━━━
  stderr: ●  WATCHER DOWN - SUPERVISION IS OFF
  stderr: ●  2 task(s) in flight, but no watcher has a fresh beacon (last beat: never, grace 300s).
  stderr: ●  Trust the emitted supervision protocol for this harness; do not use shell & for watcher repair.
  stderr: ●  This is a supervision warning only; the guarded operation WILL still run.
  stderr: ●  watcher supervision needs Stop-owned automatic recovery; inspect the hook registration and startup status before ending the turn.
  stderr: ●━━━━━━━━━━━━━━━━━━━━━━━━━━━━━━━━━━━━━━━━━━━━━━━━━━━━━━━━━━━━━━━━━━━━━━━
  stderr: warning: task distill-scale's recorded worktree /tmp/fm-teardown-endpoint-safety.633xij/incident/pool/1/project was reassigned to task wispr-register-fix (home /tmp/fm-teardown-endpoint-safety.633xij/incident/home), which claimed that pool slot after this record was written; that slot is no longer distill-scale's, so its processes, copy, and claim are left untouched and only distill-scale's own cleanup runs.
  windows after: control fm-wispr-register-fix 
  claim after: task=wispr-register-fix home=/tmp/fm-teardown-endpoint-safety.633xij/incident/home 
  treehouse returns: 0
== incident: teardown wispr-register-fix (current owner, merged) without --force ==
rc=0
  stdout: teardown wispr-register-fix complete (window fleet:fm-wispr-register-fix, worktree /tmp/fm-teardown-endpoint-safety.633xij/incident/worktree)
  stdout: Backlog: wispr-register-fix just finished (this home keeps no markdown backlog at /tmp/fm-teardown-endpoint-safety.633xij/incident/home/data/backlog.md). Update /tmp/fm-teardown-endpoint-safety.633xij/incident/home/data/backlog.md - move wispr-register-fix to Done, keep Done to the 10 most recent, then re-scan Queued and dispatch only work whose blockers are gone and date is due.
  stderr: WARNING: watcher still down (same stale episode; last beat: never, grace 300s) - full banner already printed this episode.
  windows after: control 
  claim file present: no
  treehouse returns: 1
ok - intent: both incident records retire without --force; stale leaves successor slot untouched, owner returns it
== owner-first: teardown wispr-register-fix while stale distill-scale still names the slot ==
rc=0
  stdout: teardown wispr-register-fix complete (window fleet:fm-wispr-register-fix, worktree /tmp/fm-teardown-endpoint-safety.633xij/owner-first/worktree)
  stdout: Backlog: wispr-register-fix just finished (this home keeps no markdown backlog at /tmp/fm-teardown-endpoint-safety.633xij/owner-first/home/data/backlog.md). Update /tmp/fm-teardown-endpoint-safety.633xij/owner-first/home/data/backlog.md - move wispr-register-fix to Done, keep Done to the 10 most recent, then re-scan Queued and dispatch only work whose blockers are gone and date is due.
  stderr: ●━━━━━━━━━━━━━━━━━━━━━━━━━━━━━━━━━━━━━━━━━━━━━━━━━━━━━━━━━━━━━━━━━━━━━━━
  stderr: ●  WATCHER DOWN - SUPERVISION IS OFF
  stderr: ●  2 task(s) in flight, but no watcher has a fresh beacon (last beat: never, grace 300s).
  stderr: ●  Trust the emitted supervision protocol for this harness; do not use shell & for watcher repair.
  stderr: ●  This is a supervision warning only; the guarded operation WILL still run.
  stderr: ●  watcher supervision needs Stop-owned automatic recovery; inspect the hook registration and startup status before ending the turn.
  stderr: ●━━━━━━━━━━━━━━━━━━━━━━━━━━━━━━━━━━━━━━━━━━━━━━━━━━━━━━━━━━━━━━━━━━━━━━━
ok - intent: a stale receiptless record no longer vetoes the current owner's teardown
== guard: no claim, both records, teardown distill-scale (no --force) ==
rc=1
  stderr: ●━━━━━━━━━━━━━━━━━━━━━━━━━━━━━━━━━━━━━━━━━━━━━━━━━━━━━━━━━━━━━━━━━━━━━━━
  stderr: ●  WATCHER DOWN - SUPERVISION IS OFF
  stderr: ●  2 task(s) in flight, but no watcher has a fresh beacon (last beat: never, grace 300s).
  stderr: ●  Trust the emitted supervision protocol for this harness; do not use shell & for watcher repair.
  stderr: ●  This is a supervision warning only; the guarded operation WILL still run.
  stderr: ●  watcher supervision needs Stop-owned automatic recovery; inspect the hook registration and startup status before ending the turn.
  stderr: ●━━━━━━━━━━━━━━━━━━━━━━━━━━━━━━━━━━━━━━━━━━━━━━━━━━━━━━━━━━━━━━━━━━━━━━━
  stderr: REFUSED: task distill-scale's recorded worktree /tmp/fm-teardown-endpoint-safety.633xij/unproven/pool/1/project is also task wispr-register-fix's recorded worktree.
  stderr: Returning that pool slot would kill wispr-register-fix's processes and reset its copy, so nothing was changed - not even with --force.
  stderr: Reconcile whichever record is wrong (bin/fm-crew-state.sh distill-scale; bin/fm-crew-state.sh wispr-register-fix), then re-run teardown.
== guard: no claim, both records, teardown distill-scale --force ==
rc=1
  stderr: ●━━━━━━━━━━━━━━━━━━━━━━━━━━━━━━━━━━━━━━━━━━━━━━━━━━━━━━━━━━━━━━━━━━━━━━━
  stderr: ●  WATCHER DOWN - SUPERVISION IS OFF
  stderr: ●  2 task(s) in flight, but no watcher has a fresh beacon (last beat: never, grace 300s).
  stderr: ●  Trust the emitted supervision protocol for this harness; do not use shell & for watcher repair.
  stderr: ●  This is a supervision warning only; the guarded operation WILL still run.
  stderr: ●  watcher supervision needs Stop-owned automatic recovery; inspect the hook registration and startup status before ending the turn.
  stderr: ●━━━━━━━━━━━━━━━━━━━━━━━━━━━━━━━━━━━━━━━━━━━━━━━━━━━━━━━━━━━━━━━━━━━━━━━
  stderr: REFUSED: task distill-scale's recorded worktree /tmp/fm-teardown-endpoint-safety.633xij/unproven--force/pool/1/project is also task wispr-register-fix's recorded worktree.
  stderr: Returning that pool slot would kill wispr-register-fix's processes and reset its copy, so nothing was changed - not even with --force.
  stderr: Reconcile whichever record is wrong (bin/fm-crew-state.sh distill-scale; bin/fm-crew-state.sh wispr-register-fix), then re-run teardown.
== guard: claim names wispr-register-fix, teardown distill-scale --force ==
rc=0
  stdout: teardown distill-scale complete (window fleet:fm-distill-scale; pool slot /tmp/fm-teardown-endpoint-safety.633xij/forced-stale/worktree left to task wispr-register-fix (home /tmp/fm-teardown-endpoint-safety.633xij/forced-stale/home), which it was reassigned to)
  stdout: Backlog: distill-scale just finished (this home keeps no markdown backlog at /tmp/fm-teardown-endpoint-safety.633xij/forced-stale/home/data/backlog.md). Update /tmp/fm-teardown-endpoint-safety.633xij/forced-stale/home/data/backlog.md - move distill-scale to Done, keep Done to the 10 most recent, then re-scan Queued and dispatch only work whose blockers are gone and date is due.
  stderr: ●━━━━━━━━━━━━━━━━━━━━━━━━━━━━━━━━━━━━━━━━━━━━━━━━━━━━━━━━━━━━━━━━━━━━━━━
  stderr: ●  WATCHER DOWN - SUPERVISION IS OFF
  stderr: ●  2 task(s) in flight, but no watcher has a fresh beacon (last beat: never, grace 300s).
  stderr: ●  Trust the emitted supervision protocol for this harness; do not use shell & for watcher repair.
  stderr: ●  This is a supervision warning only; the guarded operation WILL still run.
  stderr: ●  watcher supervision needs Stop-owned automatic recovery; inspect the hook registration and startup status before ending the turn.
  stderr: ●━━━━━━━━━━━━━━━━━━━━━━━━━━━━━━━━━━━━━━━━━━━━━━━━━━━━━━━━━━━━━━━━━━━━━━━
  stderr: warning: task distill-scale's recorded worktree /tmp/fm-teardown-endpoint-safety.633xij/forced-stale/pool/1/project was reassigned to task wispr-register-fix (home /tmp/fm-teardown-endpoint-safety.633xij/forced-stale/home), which claimed that pool slot after this record was written; that slot is no longer distill-scale's, so its processes, copy, and claim are left untouched and only distill-scale's own cleanup runs.
ok - intent: unproven duplicates still refuse even with --force, and --force on a stale record never touches the successor
exit=0
